// Vitest Snapshot v1, https://vitest.dev/guide/snapshot.html

exports[`expect api > match snapshot 1`] = `"LAURA"`;
